// Jest Snapshot v1, https://goo.gl/fbAQLP

exports[`cli default case of template 1`] = `
"[32m __   __   ___  __   __   ___         __   ___  __    /  __   __   ___      ___  ___          __   __  [39m
[32m/__\` |__) |__  |__) |  \\\\ |__  \\\\  / | /  \` |__  /__\`  /  /  \` |__) |__   /\\\\   |  |__  __  /\\\\  |__) |__) [39m
[32m.__/ |__) |___ |  \\\\ |__/ |___  \\\\/  | \\\\__, |___ .__/ /   \\\\__, |  \\\\ |___ /~~\\\\  |  |___    /~~\\\\ |    |    [39m
[32m                                                                                                       [39m
ℹ️  Загрузка шаблонаОписание шаблона: @sberdevices/create-canvas-app – визард для быстрого создания canvas-app c нуля на базе nextjs

? Название вашего проекта: (template-app) [42D[42C[2K[G? Название вашего проекта: (template-app) t[43D[43C[2K[G? Название вашего проекта: (template-app) te[44D[44C[2K[G? Название вашего проекта: (template-app) tem[45D[45C[2K[G? Название вашего проекта: (template-app) temp[46D[46C[2K[G? Название вашего проекта: (template-app) templ[47D[47C[2K[G? Название вашего проекта: (template-app) templa[48D[48C[2K[G? Название вашего проекта: (template-app) templat[49D[49C[2K[G? Название вашего проекта: (template-app) template[50D[50C[2K[G? Название вашего проекта: (template-app) template-[51D[51C[2K[G? Название вашего проекта: (template-app) template-a[52D[52C[2K[G? Название вашего проекта: (template-app) template-ap[53D[53C[2K[G? Название вашего проекта: (template-app) template-app[54D[54C[2K[G? Название вашего проекта: template-app[39D[39C
? Хотите изменить список стандартных функций проекта? (y/N) [60D[60C[2K[G? Хотите изменить список стандартных функций проекта? (y/N) n[61D[61C[2K[G? Хотите изменить список стандартных функций проекта? No[56D[56C
? Выполнить установку зависимостей (npm install)? (Y/n) [56D[56C[2K[G? Выполнить установку зависимостей (npm install)? (Y/n) n[57D[57C[2K[G? Выполнить установку зависимостей (npm install)? No[52D[52C

✅ Готово!

"
`;

exports[`cli mustache applied to PageIndex 1`] = `
"import { Header } from '@sberdevices/plasma-ui';

import { useBasePath } from '../utils';
import { useCharacter } from '../utils/character';

import { LinkList } from './LinkList';

export const PageIndex = ({ component }: { component: React.ReactNode }) => {
    const basePath = useBasePath();
    const character = useCharacter();
    const characterElement = \`Персонаж: \${character}\`;

    return (
        <>
            <Header title=\\"Добро пожаловать в SberDevices!\\" />
            {component}
            { characterElement }
            {}
            <LinkList
                links={[
                    { href: '/SSR', content: 'Server-side rendering' },
                    { href: \`\${basePath}/SSG\`, content: 'Static Generation / Incremental Static Regeneration' },
                    { href: \`\${basePath}/prefetch\`, content: 'Префетч следующей страницы' },
                    { href: \`\${basePath}/image-optimization\`, content: 'Оптимизация изображений' },
                ]}
            />
        </>
    );
};
"
`;

exports[`cli template without feature toggles 1`] = `
"[32m __   __   ___  __   __   ___         __   ___  __    /  __   __   ___      ___  ___          __   __  [39m
[32m/__\` |__) |__  |__) |  \\\\ |__  \\\\  / | /  \` |__  /__\`  /  /  \` |__) |__   /\\\\   |  |__  __  /\\\\  |__) |__) [39m
[32m.__/ |__) |___ |  \\\\ |__/ |___  \\\\/  | \\\\__, |___ .__/ /   \\\\__, |  \\\\ |___ /~~\\\\  |  |___    /~~\\\\ |    |    [39m
[32m                                                                                                       [39m
ℹ️  Загрузка шаблона? Название вашего проекта: (template-app) [42D[42C[2K[G? Название вашего проекта: (template-app) t[43D[43C[2K[G? Название вашего проекта: (template-app) te[44D[44C[2K[G? Название вашего проекта: (template-app) tem[45D[45C[2K[G? Название вашего проекта: (template-app) temp[46D[46C[2K[G? Название вашего проекта: (template-app) templ[47D[47C[2K[G? Название вашего проекта: (template-app) templa[48D[48C[2K[G? Название вашего проекта: (template-app) templat[49D[49C[2K[G? Название вашего проекта: (template-app) template[50D[50C[2K[G? Название вашего проекта: (template-app) template-[51D[51C[2K[G? Название вашего проекта: (template-app) template-a[52D[52C[2K[G? Название вашего проекта: (template-app) template-ap[53D[53C[2K[G? Название вашего проекта: (template-app) template-app[54D[54C[2K[G? Название вашего проекта: template-app[39D[39C
? Выполнить установку зависимостей (npm install)? (Y/n) [56D[56C[2K[G? Выполнить установку зависимостей (npm install)? (Y/n) n[57D[57C[2K[G? Выполнить установку зависимостей (npm install)? No[52D[52C

✅ Готово!

"
`;
